flowchart LR
  n0["o/end#91;core#93;#35;#38;.go"]
  n1["x/end#91;#34;dep#34;#93;#35;#38;#60;日本#62;#124;line#92;break#10;two (module)"]
  n2["internal/end.go (no#10;orphans #91;info#93; @ line 1)"]
  n0 -->|"line 12: core #34;purity#34; #91;error#93;; allowed#35;fallback #91;warn#93;"| n1
  classDef sourceViolation fill:#ffebe9,stroke:#cf222e,stroke-width:2px
  class n2 sourceViolation
  linkStyle default stroke:#cf222e,stroke-width:3px
